// Vitest Snapshot v1, https://vitest.dev/guide/snapshot.html

exports[`quantitative pipeline snapshot > snapshot matches 1`] = `
{
  "_version": 2,
  "badges": [
    {
      "description": "Najwyższy % wiadomości wysłanych między 22:00 a 4:00",
      "emoji": "🦉",
      "evidence": "22.7% wiadomości po 22:00",
      "holder": "Bob",
      "icon": "night-owl.png",
      "id": "night-owl",
      "name": "Nocny Marek",
    },
    {
      "description": "Najwyższy % wiadomości wysłanych przed 8:00",
      "emoji": "🐦",
      "evidence": "33.3% wiadomości przed 8:00",
      "holder": "Alice",
      "icon": "early-bird.png",
      "id": "early-bird",
      "name": "Ranny Ptaszek",
    },
    {
      "description": "Wysłał(a) ostatnią wiadomość przed najdłuższą ciszą",
      "emoji": "👻",
      "evidence": "Cisza trwała 27 dni",
      "holder": "Bob",
      "icon": "ghost-champion.png",
      "id": "ghost-champion",
      "name": "Ghosting Champion",
    },
    {
      "description": "Najczęściej pisał(a) wielokrotnie bez odpowiedzi",
      "emoji": "💬",
      "evidence": "20 razy pisał(a) bez odpowiedzi",
      "holder": "Bob",
      "icon": "double-texter.png",
      "id": "double-texter",
      "name": "Double Texter",
    },
    {
      "description": "Najwyższa średnia długość wiadomości",
      "emoji": "📖",
      "evidence": "Średnio 4.3 słów/wiadomość",
      "holder": "Bob",
      "icon": "novelist.png",
      "id": "novelist",
      "name": "Powieściopisarz",
    },
    {
      "description": "Najszybsza mediana czasu odpowiedzi",
      "emoji": "⚡",
      "evidence": "Mediana odpowiedzi: 1h",
      "holder": "Alice",
      "icon": "speed-demon.png",
      "id": "speed-demon",
      "name": "Speed Demon",
    },
    {
      "description": "Najwyższy stosunek emoji na wiadomość",
      "emoji": "😂",
      "evidence": "0.17 emoji na wiadomość",
      "holder": "Alice",
      "icon": "emoji-monarch.png",
      "id": "emoji-monarch",
      "name": "Emoji King/Queen",
    },
    {
      "description": "Najczęściej rozpoczynał(a) rozmowy",
      "emoji": "🔁",
      "evidence": "Rozpoczął(ęła) 100% rozmów",
      "holder": "Alice",
      "icon": "initiator.png",
      "id": "initiator",
      "name": "Inicjator",
    },
    {
      "description": "Najwięcej serduszek (reakcje + emoji)",
      "emoji": "❤️",
      "evidence": "5 serduszek ❤️",
      "holder": "Bob",
      "icon": "heart-bomber.png",
      "id": "heart-bomber",
      "name": "Heart Bomber",
    },
    {
      "description": "Najwięcej udostępnionych linków",
      "emoji": "📎",
      "evidence": "2 udostępnionych linków",
      "holder": "Alice",
      "icon": "link-lord.png",
      "id": "link-lord",
      "name": "Link Lord",
    },
    {
      "description": "Najwięcej zadanych pytań",
      "emoji": "🔍",
      "evidence": "Zadał(a) 14 pytań",
      "holder": "Alice",
      "icon": "question-master.png",
      "id": "question-master",
      "name": "Detektyw",
    },
  ],
  "bestTimeToText": {
    "perPerson": {
      "Alice": {
        "avgResponseMs": 3600000,
        "bestDay": "Poniedziałek",
        "bestHour": 12,
        "bestWindow": "Poniedziałki 12:00-14:00",
      },
      "Bob": {
        "avgResponseMs": 3600000,
        "bestDay": "Środa",
        "bestHour": 14,
        "bestWindow": "Środy 14:00-16:00",
      },
    },
  },
  "bidResponseResult": {
    "gottmanBenchmark": 86,
    "interpretation": "Wysoka responsywność (85%) — zbliżona do norm Gottmana dla trwałych par (≥86%).",
    "overallResponseRate": 85,
    "perPerson": {
      "Alice": {
        "bidSuccessRate": 86,
        "bidsMade": 14,
        "bidsReceived": 6,
        "bidsRespondedTo": 5,
        "responseRate": 83,
        "turnedAway": 2,
        "turnedToward": 12,
      },
      "Bob": {
        "bidSuccessRate": 83,
        "bidsMade": 6,
        "bidsReceived": 14,
        "bidsRespondedTo": 12,
        "responseRate": 86,
        "turnedAway": 1,
        "turnedToward": 5,
      },
    },
  },
  "catchphrases": {
    "perPerson": {
      "Alice": [
        {
          "count": 28,
          "phrase": "wiadomość numer",
          "uniqueness": 0.51,
        },
        {
          "count": 12,
          "phrase": "przepraszam chciałem",
          "uniqueness": 1,
        },
        {
          "count": 8,
          "phrase": "cześć dzisiaj",
          "uniqueness": 1,
        },
        {
          "count": 7,
          "phrase": "sorry zwłokę",
          "uniqueness": 1,
        },
        {
          "count": 7,
          "phrase": "zwłokę byłam",
          "uniqueness": 1,
        },
        {
          "count": 7,
          "phrase": "byłam zajęta",
          "uniqueness": 1,
        },
        {
          "count": 7,
          "phrase": "sorry zwłokę byłam",
          "uniqueness": 1,
        },
        {
          "count": 7,
          "phrase": "zwłokę byłam zajęta",
          "uniqueness": 1,
        },
      ],
      "Bob": [
        {
          "count": 51,
          "phrase": "msg miesiąc",
          "uniqueness": 0.74,
        },
        {
          "count": 51,
          "phrase": "miesiąc nr",
          "uniqueness": 0.74,
        },
        {
          "count": 51,
          "phrase": "msg miesiąc nr",
          "uniqueness": 0.74,
        },
        {
          "count": 7,
          "phrase": "wiem myślę",
          "uniqueness": 1,
        },
        {
          "count": 5,
          "phrase": "kocham cię",
          "uniqueness": 0.63,
        },
        {
          "count": 6,
          "phrase": "zawsze robisz",
          "uniqueness": 0.5,
        },
      ],
    },
    "shared": [
      {
        "count": 55,
        "phrase": "wiadomość numer",
        "uniqueness": 0,
      },
      {
        "count": 12,
        "phrase": "zawsze robisz",
        "uniqueness": 0,
      },
      {
        "count": 8,
        "phrase": "kocham cię",
        "uniqueness": 0,
      },
    ],
  },
  "chronotypeCompatibility": {
    "avgSocialJetLag": 3.9,
    "deltaHours": 0.4,
    "interpretation": "Doskonała zgodność (delta 0.4h) — podobne rytmy aktywności ułatwiają wspólny rytm relacji.",
    "isCompatible": true,
    "matchScore": 95,
    "persons": [
      {
        "category": "intermediate",
        "emoji": "☀️",
        "hourlyDistribution": [
          9,
          1,
          4,
          1,
          4,
          1,
          9,
          1,
          4,
          1,
          4,
          1,
          11,
          2,
          6,
          2,
          6,
          2,
          10,
          1,
          4,
          1,
          4,
          1,
        ],
        "label": "Typ pośredni",
        "midpoint": 14.7,
        "name": "Alice",
        "peakHour": 12,
        "socialJetLagHours": 4.4,
        "socialJetLagLevel": "severe",
        "weekdayMidpoint": 13.6,
        "weekendMidpoint": 18,
      },
      {
        "category": "intermediate",
        "emoji": "☀️",
        "hourlyDistribution": [
          1,
          4,
          6,
          4,
          6,
          4,
          1,
          4,
          6,
          4,
          6,
          4,
          2,
          6,
          7,
          6,
          7,
          6,
          1,
          5,
          6,
          4,
          6,
          4,
        ],
        "label": "Typ pośredni",
        "midpoint": 15.1,
        "name": "Bob",
        "peakHour": 14,
        "socialJetLagHours": 3.3,
        "socialJetLagLevel": "moderate",
        "weekdayMidpoint": 14.7,
        "weekendMidpoint": 18,
      },
    ],
  },
  "conflictAnalysis": {
    "events": [],
    "mostConflictProne": undefined,
    "totalConflicts": 0,
  },
  "conflictFingerprint": {
    "avgConflictDurationMs": 0,
    "hasEnoughData": false,
    "perPerson": {
      "Alice": {
        "avgBurstLengthInConflict": 1,
        "avgBurstLengthNormal": 1,
        "avgConflictDurationMessages": 0,
        "conflictInitiationRate": 50,
        "conflictVocabulary": [],
        "deescalationStyle": "deflect",
        "doubleTextRateInConflict": 0,
        "escalationStyle": "mixed",
        "interruptionRate": 0,
        "msgLengthRatioConflictVsNormal": 1,
        "responseTimeShiftMs": 0,
      },
      "Bob": {
        "avgBurstLengthInConflict": 1.2222222222222223,
        "avgBurstLengthNormal": 1.2222222222222223,
        "avgConflictDurationMessages": 0,
        "conflictInitiationRate": 50,
        "conflictVocabulary": [],
        "deescalationStyle": "deflect",
        "doubleTextRateInConflict": 0,
        "escalationStyle": "mixed",
        "interruptionRate": 0,
        "msgLengthRatioConflictVsNormal": 1,
        "responseTimeShiftMs": 0,
      },
    },
    "topConflictTriggerWords": [],
    "totalConflictWindows": 0,
  },
  "emotionalGranularity": {
    "higherGranularity": "Bob",
    "perPerson": {
      "Alice": {
        "categoryCooccurrenceIndex": 0,
        "categoryCounts": {
          "Czułość": 3,
        },
        "distinctCategories": 1,
        "dominantCategory": "Czułość",
        "emotionalWordCount": 3,
        "granularityScore": 9,
        "granularityScoreV2": 9,
      },
      "Bob": {
        "categoryCooccurrenceIndex": 0,
        "categoryCounts": {
          "Czułość": 5,
        },
        "distinctCategories": 1,
        "dominantCategory": "Czułość",
        "emotionalWordCount": 5,
        "granularityScore": 10,
        "granularityScoreV2": 10,
      },
    },
  },
  "engagement": {
    "avgConversationLength": 66.66666666666667,
    "doubleTexts": {
      "Alice": 0,
      "Bob": 20,
    },
    "maxConsecutive": {
      "Alice": 1,
      "Bob": 2,
    },
    "messageRatio": {
      "Alice": 0.45,
      "Bob": 0.55,
    },
    "reactionGiveRate": {
      "Alice": 0.03333333333333333,
      "Bob": 0.15454545454545454,
    },
    "reactionRate": {
      "Alice": 0.02727272727272727,
      "Bob": 0.18888888888888888,
    },
    "reactionReceiveRate": {
      "Alice": 0.14444444444444443,
      "Bob": 0.06363636363636363,
    },
    "totalSessions": 3,
  },
  "heatmap": {
    "combined": [
      [
        1,
        1,
        1,
        1,
        1,
        1,
        1,
        1,
        1,
        1,
        1,
        1,
        1,
        1,
        1,
        1,
        1,
        1,
        1,
        1,
        1,
        1,
        1,
        1,
      ],
      [
        1,
        1,
        1,
        1,
        1,
        1,
        1,
        1,
        1,
        1,
        1,
        1,
        2,
        1,
        2,
        1,
        2,
        1,
        2,
        1,
        2,
        1,
        2,
        1,
      ],
      [
        2,
        1,
        2,
        1,
        2,
        1,
        2,
        1,
        2,
        1,
        2,
        1,
        2,
        1,
        2,
        1,
        2,
        1,
        2,
        1,
        1,
        0,
        1,
        0,
      ],
      [
        1,
        0,
        1,
        0,
        1,
        0,
        1,
        0,
        1,
        0,
        1,
        0,
        3,
        2,
        3,
        2,
        3,
        2,
        3,
        2,
        3,
        2,
        3,
        2,
      ],
      [
        3,
        2,
        3,
        2,
        3,
        2,
        3,
        2,
        3,
        2,
        3,
        2,
        3,
        2,
        3,
        2,
        3,
        2,
        1,
        0,
        1,
        0,
        1,
        0,
      ],
      [
        1,
        0,
        1,
        0,
        1,
        0,
        1,
        0,
        1,
        0,
        1,
        0,
        1,
        0,
        1,
        0,
        1,
        0,
        1,
        0,
        1,
        0,
        1,
        0,
      ],
      [
        1,
        0,
        1,
        0,
        1,
        0,
        1,
        0,
        1,
        0,
        1,
        0,
        1,
        1,
        1,
        1,
        1,
        1,
        1,
        1,
        1,
        1,
        1,
        1,
      ],
    ],
    "perPerson": {
      "Alice": [
        [
          1,
          0,
          1,
          0,
          1,
          0,
          1,
          0,
          1,
          0,
          1,
          0,
          1,
          0,
          1,
          0,
          1,
          0,
          1,
          0,
          1,
          0,
          1,
          0,
        ],
        [
          1,
          0,
          1,
          0,
          1,
          0,
          1,
          0,
          1,
          0,
          1,
          0,
          2,
          0,
          1,
          0,
          1,
          0,
          2,
          0,
          1,
          0,
          1,
          0,
        ],
        [
          2,
          0,
          1,
          0,
          1,
          0,
          2,
          0,
          1,
          0,
          1,
          0,
          2,
          0,
          1,
          0,
          1,
          0,
          2,
          0,
          0,
          0,
          0,
          0,
        ],
        [
          1,
          0,
          0,
          0,
          0,
          0,
          1,
          0,
          0,
          0,
          0,
          0,
          2,
          1,
          1,
          1,
          1,
          1,
          2,
          1,
          1,
          1,
          1,
          1,
        ],
        [
          2,
          1,
          1,
          1,
          1,
          1,
          2,
          1,
          1,
          1,
          1,
          1,
          2,
          1,
          1,
          1,
          1,
          1,
          1,
          0,
          0,
          0,
          0,
          0,
        ],
        [
          1,
          0,
          0,
          0,
          0,
          0,
          1,
          0,
          0,
          0,
          0,
          0,
          1,
          0,
          0,
          0,
          0,
          0,
          1,
          0,
          0,
          0,
          0,
          0,
        ],
        [
          1,
          0,
          0,
          0,
          0,
          0,
          1,
          0,
          0,
          0,
          0,
          0,
          1,
          0,
          1,
          0,
          1,
          0,
          1,
          0,
          1,
          0,
          1,
          0,
        ],
      ],
      "Bob": [
        [
          0,
          1,
          0,
          1,
          0,
          1,
          0,
          1,
          0,
          1,
          0,
          1,
          0,
          1,
          0,
          1,
          0,
          1,
          0,
          1,
          0,
          1,
          0,
          1,
        ],
        [
          0,
          1,
          0,
          1,
          0,
          1,
          0,
          1,
          0,
          1,
          0,
          1,
          0,
          1,
          1,
          1,
          1,
          1,
          0,
          1,
          1,
          1,
          1,
          1,
        ],
        [
          0,
          1,
          1,
          1,
          1,
          1,
          0,
          1,
          1,
          1,
          1,
          1,
          0,
          1,
          1,
          1,
          1,
          1,
          0,
          1,
          1,
          0,
          1,
          0,
        ],
        [
          0,
          0,
          1,
          0,
          1,
          0,
          0,
          0,
          1,
          0,
          1,
          0,
          1,
          1,
          2,
          1,
          2,
          1,
          1,
          1,
          2,
          1,
          2,
          1,
        ],
        [
          1,
          1,
          2,
          1,
          2,
          1,
          1,
          1,
          2,
          1,
          2,
          1,
          1,
          1,
          2,
          1,
          2,
          1,
          0,
          0,
          1,
          0,
          1,
          0,
        ],
        [
          0,
          0,
          1,
          0,
          1,
          0,
          0,
          0,
          1,
          0,
          1,
          0,
          0,
          0,
          1,
          0,
          1,
          0,
          0,
          0,
          1,
          0,
          1,
          0,
        ],
        [
          0,
          0,
          1,
          0,
          1,
          0,
          0,
          0,
          1,
          0,
          1,
          0,
          0,
          1,
          0,
          1,
          0,
          1,
          0,
          1,
          0,
          1,
          0,
          1,
        ],
      ],
    },
  },
  "integrativeComplexity": undefined,
  "intimacyProgression": {
    "label": "Rosnąca bliskość",
    "overallSlope": 5.5,
    "trend": [
      {
        "components": {
          "emotionalWordsFactor": 0,
          "informalityFactor": 100,
          "lateNightFactor": 90,
          "messageLengthFactor": 84,
        },
        "month": "2024-06",
        "score": 64,
      },
      {
        "components": {
          "emotionalWordsFactor": 54,
          "informalityFactor": 48,
          "lateNightFactor": 100,
          "messageLengthFactor": 100,
        },
        "month": "2024-07",
        "score": 73,
      },
      {
        "components": {
          "emotionalWordsFactor": 100,
          "informalityFactor": 36,
          "lateNightFactor": 80,
          "messageLengthFactor": 80,
        },
        "month": "2024-08",
        "score": 75,
      },
    ],
  },
  "lsm": {
    "adaptationDirection": undefined,
    "interpretation": "Niska synchronizacja — wyraźne różnice w stylu komunikacji",
    "overall": 0.61,
    "perCategory": {
      "adverbs": 0.848834452176874,
      "articles": 0.006627215576085255,
      "auxiliaryVerbs": 0.5742036291540572,
      "conjunctions": 0.950254216183603,
      "impersonalPronouns": 0.9503554247640514,
      "negations": 0.6018965865846027,
      "personalPronouns": 0.9813155601802849,
      "prepositions": 0.004890253610826734,
    },
  },
  "networkMetrics": undefined,
  "patterns": {
    "bursts": [],
    "monthlyVolume": [
      {
        "month": "2024-06",
        "perPerson": {
          "Alice": 40,
          "Bob": 40,
        },
        "total": 80,
      },
      {
        "month": "2024-07",
        "perPerson": {
          "Alice": 20,
          "Bob": 40,
        },
        "total": 60,
      },
      {
        "month": "2024-08",
        "perPerson": {
          "Alice": 30,
          "Bob": 30,
        },
        "total": 60,
      },
    ],
    "volumeTrend": -10,
    "weekdayWeekend": {
      "weekday": {
        "Alice": 70,
        "Bob": 88,
      },
      "weekend": {
        "Alice": 20,
        "Bob": 22,
      },
    },
  },
  "perPerson": {
    "Alice": {
      "averageMessageChars": 21.544444444444444,
      "averageMessageLength": 3.9555555555555557,
      "emojiCount": 15,
      "linksShared": 2,
      "longestMessage": {
        "content": "haha lol that was so funny 😂",
        "length": 7,
        "timestamp": 1718496000000,
      },
      "mediaShared": 4,
      "messagesWithEmoji": 15,
      "questionsAsked": 14,
      "reactionsGiven": 3,
      "reactionsReceived": 13,
      "shortestMessage": {
        "content": "ok.",
        "length": 1,
        "timestamp": 1723640400000,
      },
      "topEmojis": [
        {
          "count": 8,
          "emoji": "😊",
        },
        {
          "count": 4,
          "emoji": "😂",
        },
        {
          "count": 3,
          "emoji": "❤️",
        },
      ],
      "topPhrases": [
        {
          "count": 28,
          "phrase": "wiadomość numer",
        },
        {
          "count": 18,
          "phrase": "msg miesiąc",
        },
        {
          "count": 18,
          "phrase": "miesiąc nr",
        },
        {
          "count": 12,
          "phrase": "przepraszam chciałem",
        },
        {
          "count": 8,
          "phrase": "cześć dzisiaj",
        },
        {
          "count": 7,
          "phrase": "sorry zwłokę",
        },
        {
          "count": 7,
          "phrase": "zwłokę byłam",
        },
        {
          "count": 7,
          "phrase": "byłam zajęta",
        },
        {
          "count": 6,
          "phrase": "zawsze robisz",
        },
        {
          "count": 3,
          "phrase": "kocham cię",
        },
      ],
      "topReactionsGiven": [
        {
          "count": 3,
          "emoji": undefined,
        },
      ],
      "topWords": [
        {
          "count": 28,
          "word": "wiadomość",
        },
        {
          "count": 28,
          "word": "numer",
        },
        {
          "count": 18,
          "word": "msg",
        },
        {
          "count": 18,
          "word": "miesiąc",
        },
        {
          "count": 18,
          "word": "nr",
        },
        {
          "count": 12,
          "word": "przepraszam",
        },
        {
          "count": 12,
          "word": "chciałem",
        },
        {
          "count": 8,
          "word": "cześć",
        },
        {
          "count": 8,
          "word": "dzisiaj",
        },
        {
          "count": 7,
          "word": "sorry",
        },
        {
          "count": 7,
          "word": "zwłokę",
        },
        {
          "count": 7,
          "word": "byłam",
        },
        {
          "count": 7,
          "word": "zajęta",
        },
        {
          "count": 6,
          "word": "zawsze",
        },
        {
          "count": 6,
          "word": "robisz",
        },
        {
          "count": 4,
          "word": "funny",
        },
        {
          "count": 3,
          "word": "kocham",
        },
        {
          "count": 3,
          "word": "cię",
        },
        {
          "count": 2,
          "word": "22",
        },
        {
          "count": 2,
          "word": "26",
        },
      ],
      "totalCharacters": 1939,
      "totalMessages": 90,
      "totalWords": 356,
      "uniqueWords": 51,
      "unsentMessages": 0,
      "vocabularyRichness": 0.21338912133891214,
    },
    "Bob": {
      "averageMessageChars": 18.87272727272727,
      "averageMessageLength": 4.3,
      "emojiCount": 11,
      "linksShared": 2,
      "longestMessage": {
        "content": "haha lol that was so funny 😂",
        "length": 7,
        "timestamp": 1718470800000,
      },
      "mediaShared": 0,
      "messagesWithEmoji": 11,
      "questionsAsked": 6,
      "reactionsGiven": 17,
      "reactionsReceived": 7,
      "shortestMessage": {
        "content": "ok.",
        "length": 1,
        "timestamp": 1723635000000,
      },
      "topEmojis": [
        {
          "count": 6,
          "emoji": "😂",
        },
        {
          "count": 5,
          "emoji": "❤️",
        },
      ],
      "topPhrases": [
        {
          "count": 51,
          "phrase": "msg miesiąc",
        },
        {
          "count": 51,
          "phrase": "miesiąc nr",
        },
        {
          "count": 27,
          "phrase": "wiadomość numer",
        },
        {
          "count": 7,
          "phrase": "wiem myślę",
        },
        {
          "count": 6,
          "phrase": "zawsze robisz",
        },
        {
          "count": 5,
          "phrase": "kocham cię",
        },
        {
          "count": 2,
          "phrase": "nr 11",
        },
        {
          "count": 2,
          "phrase": "nr 13",
        },
        {
          "count": 2,
          "phrase": "nr 17",
        },
        {
          "count": 2,
          "phrase": "nr 19",
        },
      ],
      "topReactionsGiven": [
        {
          "count": 17,
          "emoji": undefined,
        },
      ],
      "topWords": [
        {
          "count": 51,
          "word": "msg",
        },
        {
          "count": 51,
          "word": "miesiąc",
        },
        {
          "count": 51,
          "word": "nr",
        },
        {
          "count": 27,
          "word": "wiadomość",
        },
        {
          "count": 27,
          "word": "numer",
        },
        {
          "count": 7,
          "word": "wiem",
        },
        {
          "count": 7,
          "word": "myślę",
        },
        {
          "count": 6,
          "word": "funny",
        },
        {
          "count": 6,
          "word": "zawsze",
        },
        {
          "count": 6,
          "word": "robisz",
        },
        {
          "count": 5,
          "word": "kocham",
        },
        {
          "count": 5,
          "word": "cię",
        },
        {
          "count": 3,
          "word": "11",
        },
        {
          "count": 3,
          "word": "13",
        },
        {
          "count": 3,
          "word": "17",
        },
        {
          "count": 3,
          "word": "19",
        },
        {
          "count": 3,
          "word": "23",
        },
        {
          "count": 3,
          "word": "29",
        },
        {
          "count": 3,
          "word": "31",
        },
        {
          "count": 3,
          "word": "37",
        },
      ],
      "totalCharacters": 2076,
      "totalMessages": 110,
      "totalWords": 473,
      "uniqueWords": 53,
      "unsentMessages": 0,
      "vocabularyRichness": 0.167192429022082,
    },
  },
  "pronounAnalysis": {
    "perPerson": {
      "Alice": {
        "iCount": 0,
        "iRate": 0,
        "iWeRatio": 0,
        "weCount": 0,
        "weRate": 0,
        "youCount": 13,
        "youRate": 37.8,
      },
      "Bob": {
        "iCount": 0,
        "iRate": 0,
        "iWeRatio": 0,
        "weCount": 0,
        "weRate": 0,
        "youCount": 17,
        "youRate": 36.4,
      },
    },
    "relationshipOrientation": 50,
  },
  "pursuitWithdrawal": undefined,
  "rankingPercentiles": {
    "rankings": [
      {
        "emoji": "💬",
        "label": "Wolumen wiadomości",
        "metric": "message_volume",
        "percentile": 1,
        "value": 200,
      },
      {
        "emoji": "⚡",
        "label": "Czas odpowiedzi",
        "metric": "response_time",
        "percentile": 2,
        "value": 3600000,
      },
      {
        "emoji": "👻",
        "label": "Częstotliwość ghostingu",
        "metric": "ghost_frequency",
        "percentile": 100,
        "value": 641,
      },
      {
        "emoji": "⚖️",
        "label": "Asymetria relacji",
        "metric": "asymmetry",
        "percentile": 96,
        "value": 100,
      },
    ],
  },
  "reciprocityIndex": {
    "initiationBalance": 0,
    "messageBalance": 90,
    "overall": 51,
    "reactionBalance": 30,
    "responseTimeSymmetry": 100,
  },
  "repairPatterns": undefined,
  "responseTimeDistribution": {
    "perPerson": {
      "Alice": [
        {
          "count": 0,
          "label": "<10s",
          "maxMs": 10000,
          "minMs": 0,
          "percentage": 0,
        },
        {
          "count": 0,
          "label": "10-30s",
          "maxMs": 30000,
          "minMs": 10000,
          "percentage": 0,
        },
        {
          "count": 0,
          "label": "30s-1m",
          "maxMs": 60000,
          "minMs": 30000,
          "percentage": 0,
        },
        {
          "count": 0,
          "label": "1-5m",
          "maxMs": 300000,
          "minMs": 60000,
          "percentage": 0,
        },
        {
          "count": 0,
          "label": "5-15m",
          "maxMs": 900000,
          "minMs": 300000,
          "percentage": 0,
        },
        {
          "count": 0,
          "label": "15-30m",
          "maxMs": 1800000,
          "minMs": 900000,
          "percentage": 0,
        },
        {
          "count": 29,
          "label": "30m-1h",
          "maxMs": 3600000,
          "minMs": 1800000,
          "percentage": 33.33333333333333,
        },
        {
          "count": 39,
          "label": "1-2h",
          "maxMs": 7200000,
          "minMs": 3600000,
          "percentage": 44.827586206896555,
        },
        {
          "count": 19,
          "label": "2-6h",
          "maxMs": 21600000,
          "minMs": 7200000,
          "percentage": 21.839080459770116,
        },
        {
          "count": 0,
          "label": "6-24h",
          "maxMs": 86400000,
          "minMs": 21600000,
          "percentage": 0,
        },
        {
          "count": 0,
          "label": "24h+",
          "maxMs": Infinity,
          "minMs": 86400000,
          "percentage": 0,
        },
      ],
      "Bob": [
        {
          "count": 0,
          "label": "<10s",
          "maxMs": 10000,
          "minMs": 0,
          "percentage": 0,
        },
        {
          "count": 0,
          "label": "10-30s",
          "maxMs": 30000,
          "minMs": 10000,
          "percentage": 0,
        },
        {
          "count": 0,
          "label": "30s-1m",
          "maxMs": 60000,
          "minMs": 30000,
          "percentage": 0,
        },
        {
          "count": 0,
          "label": "1-5m",
          "maxMs": 300000,
          "minMs": 60000,
          "percentage": 0,
        },
        {
          "count": 0,
          "label": "5-15m",
          "maxMs": 900000,
          "minMs": 300000,
          "percentage": 0,
        },
        {
          "count": 0,
          "label": "15-30m",
          "maxMs": 1800000,
          "minMs": 900000,
          "percentage": 0,
        },
        {
          "count": 30,
          "label": "30m-1h",
          "maxMs": 3600000,
          "minMs": 1800000,
          "percentage": 33.33333333333333,
        },
        {
          "count": 40,
          "label": "1-2h",
          "maxMs": 7200000,
          "minMs": 3600000,
          "percentage": 44.44444444444444,
        },
        {
          "count": 20,
          "label": "2-6h",
          "maxMs": 21600000,
          "minMs": 7200000,
          "percentage": 22.22222222222222,
        },
        {
          "count": 0,
          "label": "6-24h",
          "maxMs": 86400000,
          "minMs": 21600000,
          "percentage": 0,
        },
        {
          "count": 0,
          "label": "24h+",
          "maxMs": Infinity,
          "minMs": 86400000,
          "percentage": 0,
        },
      ],
    },
  },
  "sentimentAnalysis": {
    "perPerson": {
      "Alice": {
        "avgSentiment": -0.37777777777777777,
        "emotionalVolatility": 0.7238443322178812,
        "negativeRatio": 0.5222222222222223,
        "neutralRatio": 0.3333333333333333,
        "positiveRatio": 0.14444444444444443,
      },
      "Bob": {
        "avgSentiment": -0.15454545454545454,
        "emotionalVolatility": 0.6631380445395224,
        "negativeRatio": 0.3090909090909091,
        "neutralRatio": 0.5363636363636364,
        "positiveRatio": 0.15454545454545454,
      },
    },
  },
  "shiftSupportResult": {
    "cniGap": 0,
    "higherCNI": "Alice",
    "perPerson": {
      "Alice": {
        "cni": 0,
        "shiftCount": 0,
        "shiftRatio": 0,
        "supportCount": 29,
      },
      "Bob": {
        "cni": 0,
        "shiftCount": 0,
        "shiftRatio": 0,
        "supportCount": 23,
      },
    },
  },
  "temporalFocus": undefined,
  "timing": {
    "conversationEndings": {
      "Alice": 0,
      "Bob": 3,
    },
    "conversationInitiations": {
      "Alice": 3,
      "Bob": 0,
    },
    "lateNightMessages": {
      "Alice": 20,
      "Bob": 25,
    },
    "longestSilence": {
      "durationMs": 2307600000,
      "endTimestamp": 1721037600000,
      "lastSender": "Bob",
      "nextSender": "Alice",
      "startTimestamp": 1718730000000,
    },
    "perPerson": {
      "Alice": {
        "averageResponseTimeMs": 3786206.896551724,
        "fastestResponseMs": 1800000,
        "medianResponseTimeMs": 3600000,
        "responseTimeTrend": -900000,
        "slowestResponseMs": 7200000,
      },
      "Bob": {
        "averageResponseTimeMs": 3800000,
        "fastestResponseMs": 1800000,
        "medianResponseTimeMs": 3600000,
        "responseTimeTrend": -900000,
        "slowestResponseMs": 7200000,
      },
    },
  },
  "trends": {
    "initiationTrend": [
      {
        "month": "2024-06",
        "perPerson": {
          "Alice": 1,
          "Bob": 0,
        },
      },
      {
        "month": "2024-07",
        "perPerson": {
          "Alice": 1,
          "Bob": 0,
        },
      },
      {
        "month": "2024-08",
        "perPerson": {
          "Alice": 1,
          "Bob": 0,
        },
      },
    ],
    "messageLengthTrend": [
      {
        "month": "2024-06",
        "perPerson": {
          "Alice": 3,
          "Bob": 3,
        },
      },
      {
        "month": "2024-07",
        "perPerson": {
          "Alice": 5,
          "Bob": 5,
        },
      },
      {
        "month": "2024-08",
        "perPerson": {
          "Alice": 3,
          "Bob": 5,
        },
      },
    ],
    "responseTimeTrend": [
      {
        "month": "2024-06",
        "perPerson": {
          "Alice": 3600000,
          "Bob": 3600000,
        },
      },
      {
        "month": "2024-07",
        "perPerson": {
          "Alice": 7200000,
          "Bob": 7200000,
        },
      },
      {
        "month": "2024-08",
        "perPerson": {
          "Alice": 1800000,
          "Bob": 1800000,
        },
      },
    ],
    "sentimentTrend": [
      {
        "month": "2024-06",
        "perPerson": {
          "Alice": -0.6,
          "Bob": -0.7,
        },
      },
      {
        "month": "2024-07",
        "perPerson": {
          "Alice": -0.2,
          "Bob": 0.125,
        },
      },
      {
        "month": "2024-08",
        "perPerson": {
          "Alice": -0.2,
          "Bob": 0.2,
        },
      },
    ],
  },
  "viralScores": {
    "compatibilityScore": 73,
    "delusionHolder": "Alice",
    "delusionScore": 19,
    "ghostRisk": {
      "Alice": {
        "factors": [
          "Za mało danych (< 3 miesiące) — ryzyko nieoznaczone",
        ],
        "score": 50,
      },
      "Bob": {
        "factors": [
          "Za mało danych (< 3 miesiące) — ryzyko nieoznaczone",
        ],
        "score": 50,
      },
    },
    "interestScores": {
      "Alice": 77,
      "Bob": 58,
    },
  },
  "yearMilestones": {
    "peakMonth": {
      "count": 80,
      "label": "Cze 2024",
      "month": "2024-06",
    },
    "totalMonths": 3,
    "worstMonth": {
      "count": 60,
      "label": "Lip 2024",
      "month": "2024-07",
    },
    "yoyTrend": 0.5,
  },
}
`;
